1162.lean:10:12: error: equation compiler error, equation #2 has not been used in the compilation, note that the left-hand-side of equation #1 is a variable
