assertion1.lean:37:21: error: invalid '^.' notation, function 'MonoidalCategory.tensorObjects' does not have explicit argument with type (MonoidalCategory ...)
