bad_unification_hint.lean:7:0: warning: declaration 'append_cons_hint' uses sorry
bad_unification_hint.lean:7:0: error: invalid unification hint, failed to unify pattern after unifying constraints
bad_unification_hint.lean:12:0: warning: declaration 'cons_append_hint'' uses sorry
bad_unification_hint.lean:12:0: error: invalid unification hint, failed to unify constraint #1
