f a _ = f a _
f a _ = f a _
f a _ = f a _
(λ (x : ℕ), f x _) = (λ (x : ℕ), f x _)
