foo.decidable_eq : decidable_eq foo
foo.inhabited : inhabited foo
foo.has_sizeof : has_sizeof foo
