@has_bind.and_then.{0 0} unit unit tactic (@monad.to_has_bind.{0 0} tactic (@interaction_monad.monad tactic_state))
  tactic.trace_state
  tactic.trace_state :
  tactic unit
