structure_instance_bug.lean:11:0: error: invalid structure value {...}, field 'B' is implicit and must not be provided
