structure_notation_dep_mvars.lean:1:25: error: don't know how to synthesize placeholder
context:
⊢ Π {α β : Type ?}, list α → (α → list β) → list β
structure_notation_dep_mvars.lean:1:25: error: don't know how to synthesize placeholder
context:
⊢ Π {α : Type ?}, α → list α
