succ (nat.rec 2 (λ b₁, succ) 0)
3
succ (nat.rec a (λ b₁, succ) 0)
succ a
